// Jest Snapshot v1, https://goo.gl/fbAQLP

exports[`html converts acceptance.md to html 1`] = `
Object {
  "$class": "org.accordproject.commonmark.Document",
  "nodes": Array [
    Object {
      "$class": "org.accordproject.commonmark.Heading",
      "level": "1",
      "nodes": Array [
        Object {
          "$class": "org.accordproject.commonmark.Text",
          "text": "HELLO! This is the contract editor.",
        },
      ],
    },
    Object {
      "$class": "org.accordproject.commonmark.Paragraph",
      "nodes": Array [
        Object {
          "$class": "org.accordproject.commonmark.Text",
          "text": "And below is a ",
        },
        Object {
          "$class": "org.accordproject.commonmark.Strong",
          "nodes": Array [
            Object {
              "$class": "org.accordproject.commonmark.Text",
              "text": "clause",
            },
          ],
        },
        Object {
          "$class": "org.accordproject.commonmark.Text",
          "text": ".",
        },
      ],
    },
    Object {
      "$class": "org.accordproject.ciceromark.Clause",
      "clauseid": "479adbb4-dc55-4d1a-ab12-b6c5e16900c0",
      "nodes": Array [
        Object {
          "$class": "org.accordproject.commonmark.Paragraph",
          "nodes": Array [
            Object {
              "$class": "org.accordproject.commonmark.Text",
              "text": "Acceptance of Delivery. ",
            },
            Object {
              "$class": "org.accordproject.ciceromark.Variable",
              "id": "shipper",
              "value": "\\"Party A\\"",
            },
            Object {
              "$class": "org.accordproject.commonmark.Text",
              "text": " will be deemed to have completed its delivery obligations if in ",
            },
            Object {
              "$class": "org.accordproject.ciceromark.Variable",
              "id": "receiver",
              "value": "\\"Party B\\"",
            },
            Object {
              "$class": "org.accordproject.commonmark.Text",
              "text": "'s opinion, the ",
            },
            Object {
              "$class": "org.accordproject.ciceromark.Variable",
              "id": "deliverable",
              "value": "\\"Widgets\\"",
            },
            Object {
              "$class": "org.accordproject.commonmark.Text",
              "text": " satisfies the Acceptance Criteria, and ",
            },
            Object {
              "$class": "org.accordproject.ciceromark.Variable",
              "id": "receiver",
              "value": "\\"Party B\\"",
            },
            Object {
              "$class": "org.accordproject.commonmark.Text",
              "text": " notifies ",
            },
            Object {
              "$class": "org.accordproject.ciceromark.Variable",
              "id": "shipper",
              "value": "\\"Party A\\"",
            },
            Object {
              "$class": "org.accordproject.commonmark.Text",
              "text": " in writing that it is accepting the ",
            },
            Object {
              "$class": "org.accordproject.ciceromark.Variable",
              "id": "deliverable",
              "value": "\\"Widgets\\"",
            },
            Object {
              "$class": "org.accordproject.commonmark.Text",
              "text": ".",
            },
          ],
        },
        Object {
          "$class": "org.accordproject.commonmark.Paragraph",
          "nodes": Array [
            Object {
              "$class": "org.accordproject.commonmark.Text",
              "text": "Inspection and Notice. ",
            },
            Object {
              "$class": "org.accordproject.ciceromark.Variable",
              "id": "receiver",
              "value": "\\"Party B\\"",
            },
            Object {
              "$class": "org.accordproject.commonmark.Text",
              "text": " will have ",
            },
            Object {
              "$class": "org.accordproject.ciceromark.Variable",
              "id": "businessDays",
              "value": "10",
            },
            Object {
              "$class": "org.accordproject.commonmark.Text",
              "text": " Business Days' to inspect and evaluate the ",
            },
            Object {
              "$class": "org.accordproject.ciceromark.Variable",
              "id": "deliverable",
              "value": "\\"Widgets\\"",
            },
            Object {
              "$class": "org.accordproject.commonmark.Text",
              "text": " on the delivery date before notifying ",
            },
            Object {
              "$class": "org.accordproject.ciceromark.Variable",
              "id": "shipper",
              "value": "\\"Party A\\"",
            },
            Object {
              "$class": "org.accordproject.commonmark.Text",
              "text": " that it is either accepting or rejecting the ",
            },
            Object {
              "$class": "org.accordproject.ciceromark.Variable",
              "id": "deliverable",
              "value": "\\"Widgets\\"",
            },
            Object {
              "$class": "org.accordproject.commonmark.Text",
              "text": ".",
            },
          ],
        },
        Object {
          "$class": "org.accordproject.commonmark.Paragraph",
          "nodes": Array [
            Object {
              "$class": "org.accordproject.commonmark.Text",
              "text": "Acceptance Criteria. The \\"Acceptance Criteria\\" are the specifications the ",
            },
            Object {
              "$class": "org.accordproject.ciceromark.Variable",
              "id": "deliverable",
              "value": "\\"Widgets\\"",
            },
            Object {
              "$class": "org.accordproject.commonmark.Text",
              "text": " must meet for the ",
            },
            Object {
              "$class": "org.accordproject.ciceromark.Variable",
              "id": "shipper",
              "value": "\\"Party A\\"",
            },
            Object {
              "$class": "org.accordproject.commonmark.Text",
              "text": " to comply with its requirements and obligations under this agreement, detailed in ",
            },
            Object {
              "$class": "org.accordproject.ciceromark.Variable",
              "id": "attachment",
              "value": "\\"Attachment X\\"",
            },
            Object {
              "$class": "org.accordproject.commonmark.Text",
              "text": ", attached to this agreement.",
            },
          ],
        },
      ],
      "src": "ap://acceptance-of-delivery@0.12.1#721d1aa0999a5d278653e211ae2a64b75fdd8ca6fa1f34255533c942404c5c1f",
    },
  ],
  "xmlns": "http://commonmark.org/xml/1.0",
}
`;

exports[`html converts acceptance.md to html 2`] = `
"<html>
<body>
<div class=\\"document\\">
<h1>HELLO! This is the contract editor.</h1>
<p>And below is a <strong>clause</strong>.</p>
<div class=\\"clause\\" clauseid=\\"479adbb4-dc55-4d1a-ab12-b6c5e16900c0\\" src=\\"ap://acceptance-of-delivery@0.12.1#721d1aa0999a5d278653e211ae2a64b75fdd8ca6fa1f34255533c942404c5c1f\\">
<p>Acceptance of Delivery. <span class=\\"variable\\" id=\\"shipper\\">\\"Party A\\"</span> will be deemed to have completed its delivery obligations if in <span class=\\"variable\\" id=\\"receiver\\">\\"Party B\\"</span>'s opinion, the <span class=\\"variable\\" id=\\"deliverable\\">\\"Widgets\\"</span> satisfies the Acceptance Criteria, and <span class=\\"variable\\" id=\\"receiver\\">\\"Party B\\"</span> notifies <span class=\\"variable\\" id=\\"shipper\\">\\"Party A\\"</span> in writing that it is accepting the <span class=\\"variable\\" id=\\"deliverable\\">\\"Widgets\\"</span>.</p>
<p>Inspection and Notice. <span class=\\"variable\\" id=\\"receiver\\">\\"Party B\\"</span> will have <span class=\\"variable\\" id=\\"businessDays\\">10</span> Business Days' to inspect and evaluate the <span class=\\"variable\\" id=\\"deliverable\\">\\"Widgets\\"</span> on the delivery date before notifying <span class=\\"variable\\" id=\\"shipper\\">\\"Party A\\"</span> that it is either accepting or rejecting the <span class=\\"variable\\" id=\\"deliverable\\">\\"Widgets\\"</span>.</p>
<p>Acceptance Criteria. The \\"Acceptance Criteria\\" are the specifications the <span class=\\"variable\\" id=\\"deliverable\\">\\"Widgets\\"</span> must meet for the <span class=\\"variable\\" id=\\"shipper\\">\\"Party A\\"</span> to comply with its requirements and obligations under this agreement, detailed in <span class=\\"variable\\" id=\\"attachment\\">\\"Attachment X\\"</span>, attached to this agreement.</p>
</div>
</div>
</body>
</html>"
`;
